[www.evgeniadima-psychotherapy.gr/index.html]
[consent.cookiebot.com/uc.js]
[backblue.gif]
[fade.gif]
[index.html]
[www.google-analytics.com/analytics.js]
[www.evgeniadima-psychotherapy.gr/custGa0.2.delayed]
[www.evgeniadima-psychotherapy.gr/uploads/nCw0qSRe/favicon.ico]
[site-assets.cdnmns.com/45360daee55cc2e8e9310cb90f52a546/css/external-libs25ea.css]
[site-assets.cdnmns.com/45360daee55cc2e8e9310cb90f52a546/css/img/hcaptcha-badge-tool.png]
[www.evgeniadima-psychotherapy.gr/uploads/oFHeUfDq/767x0_2560x0/backround_header__msi___jpg.webp]
[www.evgeniadima-psychotherapy.gr/uploads/oFHeUfDq/backround_header__msi___jpg.jpg]
[www.evgeniadima-psychotherapy.gr/uploads/FWsbqigY/evgeniadima-psychotherapy_2__msi___jpg.jpg]
[www.evgeniadima-psychotherapy.gr/uploads/ylFxDLFC/evgeniadima-psychotherapy_6__msi___jpg.jpg]
[site-assets.cdnmns.com/45360daee55cc2e8e9310cb90f52a546/css/cookiebotVideoPlaceholder25ea.css]
[www.evgeniadima-psychotherapy.gr/uploads/OYTqttYn/553x0_470x0/evgeniadima-psychotherapy_1__msi___jpg.webp]
[www.evgeniadima-psychotherapy.gr/uploads/FWsbqigY/737x0_568x0/evgeniadima-psychotherapy_2__msi___jpg.webp]
[www.evgeniadima-psychotherapy.gr/uploads/y24GHdHu/568x0_568x0/1668802935426__msi___jpg.webp]
[www.evgeniadima-psychotherapy.gr/uploads/iGkNIZjZ/735x0_472x0/evgeniadima-psychotherapy_3__msi___jpg.webp]
[www.evgeniadima-psychotherapy.gr/uploads/VDUtCSuI/735x0_472x0/evgeniadima-psychotherapy_5__msi___jpg.webp]
[www.evgeniadima-psychotherapy.gr/uploads/sz3zbWab/472x0_472x0/1668802935340__msi___jpg.webp]
[www.evgeniadima-psychotherapy.gr/uploads/Kll8Xsrm/32x0_32x0/xo-footerlogo.png]
[site-assets.cdnmns.com/45360daee55cc2e8e9310cb90f52a546/js/loader-polyfills25ea.js]
[site-assets.cdnmns.com/45360daee55cc2e8e9310cb90f52a546/js/loader25ea.js]
[www.evgeniadima-psychotherapy.gr/assets/user-style35d3.css]
[www.evgeniadima-psychotherapy.gr/index.html]
[www.evgeniadima-psychotherapy.gr/custGa0.html]
[site-assets.cdnmns.com/45360daee55cc2e8e9310cb90f52a546/css/fonts/fa-brands-400.woff2]
[site-assets.cdnmns.com/45360daee55cc2e8e9310cb90f52a546/css/fonts/fa-brands-400.ttf]
[site-assets.cdnmns.com/45360daee55cc2e8e9310cb90f52a546/css/fonts/fa-regular-400.woff2]
[site-assets.cdnmns.com/45360daee55cc2e8e9310cb90f52a546/css/fonts/fa-regular-400.ttf]
[site-assets.cdnmns.com/45360daee55cc2e8e9310cb90f52a546/css/fonts/fa-solid-900.woff2]
[site-assets.cdnmns.com/45360daee55cc2e8e9310cb90f52a546/css/fonts/fa-solid-900.ttf]
[site-assets.cdnmns.com/45360daee55cc2e8e9310cb90f52a546/css/fonts/fa-v4compatibility.woff2]
[site-assets.cdnmns.com/45360daee55cc2e8e9310cb90f52a546/css/fonts/fa-v4compatibility.ttf]
[site-assets.cdnmns.com/45360daee55cc2e8e9310cb90f52a546/css/images/marker-icon.png]
[site-assets.cdnmns.com/45360daee55cc2e8e9310cb90f52a546/css/external-libs25ea.css]
[site-assets.cdnmns.com/45360daee55cc2e8e9310cb90f52a546/css/cookiebotVideoPlaceholder25ea.css]
[www.evgeniadima-psychotherapy.gr/assets/fonts/fontello.eot]
[www.evgeniadima-psychotherapy.gr/assets/fonts/fontellod41d.eot]
[www.evgeniadima-psychotherapy.gr/assets/fonts/fontello.woff]
[www.evgeniadima-psychotherapy.gr/assets/fonts/fontello.ttf]
[www.evgeniadima-psychotherapy.gr/assets/fonts/nationale-demibold-webfont.eot]
[www.evgeniadima-psychotherapy.gr/assets/fonts/nationale-demibold-webfontd41d.eot]
[www.evgeniadima-psychotherapy.gr/assets/fonts/nationale-demibold-webfont.woff]
[www.evgeniadima-psychotherapy.gr/assets/fonts/nationale-demibold-webfont.ttf]
[www.evgeniadima-psychotherapy.gr/assets/fonts/nationale-extrabold-webfont.eot]
[www.evgeniadima-psychotherapy.gr/assets/fonts/nationale-extrabold-webfontd41d.eot]
[www.evgeniadima-psychotherapy.gr/assets/fonts/nationale-extrabold-webfont.woff]
[www.evgeniadima-psychotherapy.gr/assets/fonts/nationale-extrabold-webfont.woff2]
[www.evgeniadima-psychotherapy.gr/assets/fonts/nationale-extrabold-webfont.ttf]
[www.evgeniadima-psychotherapy.gr/assets/fonts/nationale-regular-webfont.eot]
[www.evgeniadima-psychotherapy.gr/assets/fonts/nationale-regular-webfontd41d.eot]
[www.evgeniadima-psychotherapy.gr/assets/fonts/nationale-regular-webfont.woff]
[www.evgeniadima-psychotherapy.gr/assets/fonts/nationale-regular-webfont.ttf]
[www.evgeniadima-psychotherapy.gr/assets/css/img/loading-2x.png]
[www.evgeniadima-psychotherapy.gr/assets/css/img/loading.png]
[www.evgeniadima-psychotherapy.gr/assets/css/img/defaultImgPlaceholder.png]
[maps.gstatic.com/tactile/omnibox/reveal-entity-icons-20131112.png]
[www.evgeniadima-psychotherapy.gr/assets/css/img/hcaptcha.png]
[www.evgeniadima-psychotherapy.gr/assets/css/img/hcaptcha-badge-tool.png]
[www.evgeniadima-psychotherapy.gr/assets/user-style35d3.css]
[site-assets.cdnmns.com/45360daee55cc2e8e9310cb90f52a546/css/images/layers.html]
[site-assets.cdnmns.com/45360daee55cc2e8e9310cb90f52a546/css/images/layers-2x.html]
[site-assets.cdnmns.com/45360daee55cc2e8e9310cb90f52a546/css/images/geocoder.html]
[site-assets.cdnmns.com/45360daee55cc2e8e9310cb90f52a546/css/images/throbber.html]
[www.evgeniadima-psychotherapy.gr/assets/fonts/fontello.svg]
[www.evgeniadima-psychotherapy.gr/assets/fonts/nationale-demibold-webfont.svg]
[www.evgeniadima-psychotherapy.gr/assets/fonts/nationale-extrabold-webfont.svg]
[www.evgeniadima-psychotherapy.gr/assets/fonts/nationale-regular-webfont.svg]
[www.evgeniadima-psychotherapy.gr/assets/css/img/hcaptcha-badge.svg]
[www.evgeniadima-psychotherapy.gr/assets/css/icons/accordd.svg]
[www.evgeniadima-psychotherapy.gr/assets/css/icons/ad.svg]
[www.evgeniadima-psychotherapy.gr/assets/css/icons/ae.svg]
[www.evgeniadima-psychotherapy.gr/assets/css/icons/af.svg]
[www.evgeniadima-psychotherapy.gr/assets/css/icons/ag.svg]
[www.evgeniadima-psychotherapy.gr/assets/css/icons/ai.svg]
[www.evgeniadima-psychotherapy.gr/assets/css/icons/al.svg]
[www.evgeniadima-psychotherapy.gr/assets/css/icons/am.svg]
[www.evgeniadima-psychotherapy.gr/assets/css/icons/americanexpress.svg]
[www.evgeniadima-psychotherapy.gr/assets/css/icons/ao.svg]
[www.evgeniadima-psychotherapy.gr/assets/css/icons/aq.svg]
[www.evgeniadima-psychotherapy.gr/assets/css/icons/ar.svg]
[www.evgeniadima-psychotherapy.gr/assets/css/icons/as.svg]
[www.evgeniadima-psychotherapy.gr/assets/css/icons/at.svg]
[www.evgeniadima-psychotherapy.gr/assets/css/icons/au.svg]
[www.evgeniadima-psychotherapy.gr/assets/css/icons/aw.svg]
[www.evgeniadima-psychotherapy.gr/assets/css/icons/ax.svg]
[www.evgeniadima-psychotherapy.gr/assets/css/icons/az.svg]
[www.evgeniadima-psychotherapy.gr/assets/css/icons/ba.svg]
[www.evgeniadima-psychotherapy.gr/assets/css/icons/bb.svg]
[www.evgeniadima-psychotherapy.gr/assets/css/icons/bd.svg]
[www.evgeniadima-psychotherapy.gr/assets/css/icons/be.svg]
[www.evgeniadima-psychotherapy.gr/assets/css/icons/bf.svg]
[www.evgeniadima-psychotherapy.gr/assets/css/icons/bg.svg]
[www.evgeniadima-psychotherapy.gr/assets/css/icons/bh.svg]
[www.evgeniadima-psychotherapy.gr/assets/css/icons/bi.svg]
[www.evgeniadima-psychotherapy.gr/assets/css/icons/bj.svg]
[www.evgeniadima-psychotherapy.gr/assets/css/icons/bl.svg]
[www.evgeniadima-psychotherapy.gr/assets/css/icons/bm.svg]
[www.evgeniadima-psychotherapy.gr/assets/css/icons/bn.svg]
[www.evgeniadima-psychotherapy.gr/assets/css/icons/bo.svg]
[www.evgeniadima-psychotherapy.gr/assets/css/icons/bq.svg]
[www.evgeniadima-psychotherapy.gr/assets/css/icons/br.svg]
[www.evgeniadima-psychotherapy.gr/assets/css/icons/bs.svg]
[www.evgeniadima-psychotherapy.gr/assets/css/icons/bt.svg]
[www.evgeniadima-psychotherapy.gr/assets/css/icons/bv.svg]
[www.evgeniadima-psychotherapy.gr/assets/css/icons/bw.svg]
[www.evgeniadima-psychotherapy.gr/assets/css/icons/by.svg]
[www.evgeniadima-psychotherapy.gr/assets/css/icons/bz.svg]
[www.evgeniadima-psychotherapy.gr/assets/css/icons/ca.svg]
[www.evgeniadima-psychotherapy.gr/assets/css/icons/cash.svg]
[www.evgeniadima-psychotherapy.gr/assets/css/icons/cc.svg]
[www.evgeniadima-psychotherapy.gr/assets/css/icons/cd.svg]
[www.evgeniadima-psychotherapy.gr/assets/css/icons/cf.svg]
[www.evgeniadima-psychotherapy.gr/assets/css/icons/cg.svg]
[www.evgeniadima-psychotherapy.gr/assets/css/icons/ch.svg]
[www.evgeniadima-psychotherapy.gr/assets/css/icons/cheque.svg]
[www.evgeniadima-psychotherapy.gr/assets/css/icons/ci.svg]
[www.evgeniadima-psychotherapy.gr/assets/css/icons/ck.svg]
[www.evgeniadima-psychotherapy.gr/assets/css/icons/cl.svg]
[www.evgeniadima-psychotherapy.gr/assets/css/icons/cm.svg]
[www.evgeniadima-psychotherapy.gr/assets/css/icons/cn.svg]
[www.evgeniadima-psychotherapy.gr/assets/css/icons/co.svg]
[www.evgeniadima-psychotherapy.gr/assets/css/icons/cr.svg]
[www.evgeniadima-psychotherapy.gr/assets/css/icons/cu.svg]
[www.evgeniadima-psychotherapy.gr/assets/css/icons/cv.svg]
[www.evgeniadima-psychotherapy.gr/assets/css/icons/cw.svg]
[www.evgeniadima-psychotherapy.gr/assets/css/icons/cx.svg]
[www.evgeniadima-psychotherapy.gr/assets/css/icons/cy.svg]
[www.evgeniadima-psychotherapy.gr/assets/css/icons/cz.svg]
[www.evgeniadima-psychotherapy.gr/assets/css/icons/de.svg]
[www.evgeniadima-psychotherapy.gr/assets/css/icons/dinersclub.svg]
[www.evgeniadima-psychotherapy.gr/assets/css/icons/6.323]
[www.evgeniadima-psychotherapy.gr/assets/css/icons/discover.svg]
[www.evgeniadima-psychotherapy.gr/assets/css/icons/dj.svg]
[www.evgeniadima-psychotherapy.gr/assets/css/icons/dk.svg]
[www.evgeniadima-psychotherapy.gr/assets/css/icons/dm.svg]
[www.evgeniadima-psychotherapy.gr/assets/css/icons/do.svg]
[www.evgeniadima-psychotherapy.gr/assets/css/icons/dz.svg]
[www.evgeniadima-psychotherapy.gr/assets/css/icons/ec.svg]
[www.evgeniadima-psychotherapy.gr/assets/css/icons/ee.svg]
[www.evgeniadima-psychotherapy.gr/assets/css/icons/eg.svg]
[www.evgeniadima-psychotherapy.gr/assets/css/icons/eh.svg]
[www.evgeniadima-psychotherapy.gr/assets/css/icons/emailtransfer.svg]
[www.evgeniadima-psychotherapy.gr/assets/css/icons/er.svg]
[www.evgeniadima-psychotherapy.gr/assets/css/icons/es.svg]
[www.evgeniadima-psychotherapy.gr/assets/css/icons/es-ct.svg]
[www.evgeniadima-psychotherapy.gr/assets/css/icons/es-ga.svg]
[www.evgeniadima-psychotherapy.gr/assets/css/icons/es-pv.svg]
[www.evgeniadima-psychotherapy.gr/assets/css/icons/et.svg]
[www.evgeniadima-psychotherapy.gr/assets/css/icons/eu.svg]
[www.evgeniadima-psychotherapy.gr/assets/css/icons/fi.svg]
[www.evgeniadima-psychotherapy.gr/assets/css/icons/fj.svg]
[www.evgeniadima-psychotherapy.gr/assets/css/icons/fk.svg]
[www.evgeniadima-psychotherapy.gr/assets/css/icons/fm.svg]
[www.evgeniadima-psychotherapy.gr/assets/css/icons/fo.svg]
[www.evgeniadima-psychotherapy.gr/assets/css/icons/fr-cash.svg]
[www.evgeniadima-psychotherapy.gr/assets/css/icons/fr-cheque.svg]
[www.evgeniadima-psychotherapy.gr/assets/css/icons/fr-emailtransfer.svg]
[www.evgeniadima-psychotherapy.gr/assets/css/icons/fr-giftcard.svg]
[www.evgeniadima-psychotherapy.gr/assets/css/icons/fr-interac.svg]
[www.evgeniadima-psychotherapy.gr/assets/css/icons/fr-interacetransfer.svg]
[www.evgeniadima-psychotherapy.gr/assets/css/icons/fr-travelerscheque.svg]
[www.evgeniadima-psychotherapy.gr/assets/css/icons/fr.svg]
[www.evgeniadima-psychotherapy.gr/assets/css/icons/ga.svg]
[www.evgeniadima-psychotherapy.gr/assets/css/icons/gb-eng.svg]
[www.evgeniadima-psychotherapy.gr/assets/css/icons/gb-nir.svg]
[www.evgeniadima-psychotherapy.gr/assets/css/icons/gb-sct.svg]
[www.evgeniadima-psychotherapy.gr/assets/css/icons/gb-wls.svg]
[www.evgeniadima-psychotherapy.gr/assets/css/icons/gb.svg]
[www.evgeniadima-psychotherapy.gr/assets/css/icons/gd.svg]
[www.evgeniadima-psychotherapy.gr/assets/css/icons/ge.svg]
[www.evgeniadima-psychotherapy.gr/assets/css/icons/gf.svg]
[www.evgeniadima-psychotherapy.gr/assets/css/icons/gg.svg]
[www.evgeniadima-psychotherapy.gr/assets/css/icons/gh.svg]
[www.evgeniadima-psychotherapy.gr/assets/css/icons/gi.svg]
[www.evgeniadima-psychotherapy.gr/assets/css/icons/giftcard.svg]
[www.evgeniadima-psychotherapy.gr/assets/css/icons/gl.svg]
[www.evgeniadima-psychotherapy.gr/assets/css/icons/gm.svg]
[www.evgeniadima-psychotherapy.gr/assets/css/icons/gn.svg]
[www.evgeniadima-psychotherapy.gr/assets/css/icons/gp.svg]
[www.evgeniadima-psychotherapy.gr/assets/css/icons/gq.svg]
[www.evgeniadima-psychotherapy.gr/assets/css/icons/gr.svg]
[www.evgeniadima-psychotherapy.gr/assets/css/icons/gs.svg]
[www.evgeniadima-psychotherapy.gr/assets/css/icons/gt.svg]
[www.evgeniadima-psychotherapy.gr/assets/css/icons/gu.svg]
[www.evgeniadima-psychotherapy.gr/assets/css/icons/gw.svg]
[www.evgeniadima-psychotherapy.gr/assets/css/icons/gy.svg]
[www.evgeniadima-psychotherapy.gr/assets/css/icons/hk.svg]
[www.evgeniadima-psychotherapy.gr/assets/css/icons/hm.svg]
[www.evgeniadima-psychotherapy.gr/assets/css/icons/hn.svg]
[www.evgeniadima-psychotherapy.gr/assets/css/icons/hr.svg]
[www.evgeniadima-psychotherapy.gr/assets/css/icons/ht.svg]
[www.evgeniadima-psychotherapy.gr/assets/css/icons/hu.svg]
[www.evgeniadima-psychotherapy.gr/assets/css/icons/id.svg]
[www.evgeniadima-psychotherapy.gr/assets/css/icons/ie.svg]
[www.evgeniadima-psychotherapy.gr/assets/css/icons/il.svg]
[www.evgeniadima-psychotherapy.gr/assets/css/icons/im.svg]
[www.evgeniadima-psychotherapy.gr/assets/css/icons/in.svg]
[www.evgeniadima-psychotherapy.gr/assets/css/icons/interac.svg]
[www.evgeniadima-psychotherapy.gr/assets/css/icons/interacetransfer.svg]
[www.evgeniadima-psychotherapy.gr/assets/css/icons/io.svg]
[www.evgeniadima-psychotherapy.gr/assets/css/icons/iq.svg]
[www.evgeniadima-psychotherapy.gr/assets/css/icons/ir.svg]
[www.evgeniadima-psychotherapy.gr/assets/css/icons/is.svg]
[www.evgeniadima-psychotherapy.gr/assets/css/icons/it.svg]
[www.evgeniadima-psychotherapy.gr/assets/css/icons/je.svg]
[www.evgeniadima-psychotherapy.gr/assets/css/icons/jm.svg]
[www.evgeniadima-psychotherapy.gr/assets/css/icons/jo.svg]
[www.evgeniadima-psychotherapy.gr/assets/css/icons/jp.svg]
[www.evgeniadima-psychotherapy.gr/assets/css/icons/ke.svg]
[www.evgeniadima-psychotherapy.gr/assets/css/icons/kg.svg]
[www.evgeniadima-psychotherapy.gr/assets/css/icons/kh.svg]
[www.evgeniadima-psychotherapy.gr/assets/css/icons/ki.svg]
[www.evgeniadima-psychotherapy.gr/assets/css/icons/klarna.svg]
[www.evgeniadima-psychotherapy.gr/assets/css/icons/km.svg]
[www.evgeniadima-psychotherapy.gr/assets/css/icons/kn.svg]
[www.evgeniadima-psychotherapy.gr/assets/css/icons/kp.svg]
[www.evgeniadima-psychotherapy.gr/assets/css/icons/kr.svg]
[www.evgeniadima-psychotherapy.gr/assets/css/icons/kw.svg]
[www.evgeniadima-psychotherapy.gr/assets/css/icons/ky.svg]
[www.evgeniadima-psychotherapy.gr/assets/css/icons/kz.svg]
[www.evgeniadima-psychotherapy.gr/assets/css/icons/la.svg]
[www.evgeniadima-psychotherapy.gr/assets/css/icons/lb.svg]
[www.evgeniadima-psychotherapy.gr/assets/css/icons/lc.svg]
[www.evgeniadima-psychotherapy.gr/assets/css/icons/li.svg]
[www.evgeniadima-psychotherapy.gr/assets/css/icons/lk.svg]
[www.evgeniadima-psychotherapy.gr/assets/css/icons/lr.svg]
[www.evgeniadima-psychotherapy.gr/assets/css/icons/ls.svg]
[www.evgeniadima-psychotherapy.gr/assets/css/icons/lt.svg]
[www.evgeniadima-psychotherapy.gr/assets/css/icons/lu.svg]
[www.evgeniadima-psychotherapy.gr/assets/css/icons/lv.svg]
[www.evgeniadima-psychotherapy.gr/assets/css/icons/ly.svg]
[www.evgeniadima-psychotherapy.gr/assets/css/icons/ma.svg]
[www.evgeniadima-psychotherapy.gr/assets/css/icons/mastercard.svg]
[www.evgeniadima-psychotherapy.gr/assets/css/icons/maestro.svg]
[www.evgeniadima-psychotherapy.gr/assets/css/icons/mc.svg]
[www.evgeniadima-psychotherapy.gr/assets/css/icons/md.svg]
[www.evgeniadima-psychotherapy.gr/assets/css/icons/me.svg]
[www.evgeniadima-psychotherapy.gr/assets/css/icons/mf.svg]
[www.evgeniadima-psychotherapy.gr/assets/css/icons/mg.svg]
[www.evgeniadima-psychotherapy.gr/assets/css/icons/mh.svg]
[www.evgeniadima-psychotherapy.gr/assets/css/icons/mk.svg]
[www.evgeniadima-psychotherapy.gr/assets/css/icons/ml.svg]
[www.evgeniadima-psychotherapy.gr/assets/css/icons/mm.svg]
[www.evgeniadima-psychotherapy.gr/assets/css/icons/mn.svg]
[www.evgeniadima-psychotherapy.gr/assets/css/icons/mo.svg]
[www.evgeniadima-psychotherapy.gr/assets/css/icons/mp.svg]
[www.evgeniadima-psychotherapy.gr/assets/css/icons/mq.svg]
[www.evgeniadima-psychotherapy.gr/assets/css/icons/mr.svg]
[www.evgeniadima-psychotherapy.gr/assets/css/icons/ms.svg]
[www.evgeniadima-psychotherapy.gr/assets/css/icons/mt.svg]
[www.evgeniadima-psychotherapy.gr/assets/css/icons/mu.svg]
[www.evgeniadima-psychotherapy.gr/assets/css/icons/mv.svg]
[www.evgeniadima-psychotherapy.gr/assets/css/icons/mw.svg]
[www.evgeniadima-psychotherapy.gr/assets/css/icons/mx.svg]
[www.evgeniadima-psychotherapy.gr/assets/css/icons/my.svg]
[www.evgeniadima-psychotherapy.gr/assets/css/icons/mz.svg]
[www.evgeniadima-psychotherapy.gr/assets/css/icons/na.svg]
[www.evgeniadima-psychotherapy.gr/assets/css/icons/nc.svg]
[www.evgeniadima-psychotherapy.gr/assets/css/icons/ne.svg]
[www.evgeniadima-psychotherapy.gr/assets/css/icons/nf.svg]
[www.evgeniadima-psychotherapy.gr/assets/css/icons/ng.svg]
[www.evgeniadima-psychotherapy.gr/assets/css/icons/ni.svg]
[www.evgeniadima-psychotherapy.gr/assets/css/icons/nl.svg]
[www.evgeniadima-psychotherapy.gr/assets/css/icons/no.svg]
[www.evgeniadima-psychotherapy.gr/assets/css/icons/np.svg]
[www.evgeniadima-psychotherapy.gr/assets/css/icons/nr.svg]
[www.evgeniadima-psychotherapy.gr/assets/css/icons/nu.svg]
[www.evgeniadima-psychotherapy.gr/assets/css/icons/nz.svg]
[www.evgeniadima-psychotherapy.gr/assets/css/icons/om.svg]
[www.evgeniadima-psychotherapy.gr/assets/css/icons/pa.svg]
[www.evgeniadima-psychotherapy.gr/assets/css/icons/papal.svg]
[www.evgeniadima-psychotherapy.gr/assets/css/icons/paypal.svg]
[www.evgeniadima-psychotherapy.gr/assets/css/icons/pe.svg]
[www.evgeniadima-psychotherapy.gr/assets/css/icons/pf.svg]
[www.evgeniadima-psychotherapy.gr/assets/css/icons/pg.svg]
[www.evgeniadima-psychotherapy.gr/assets/css/icons/ph.svg]
[www.evgeniadima-psychotherapy.gr/assets/css/icons/pk.svg]
[www.evgeniadima-psychotherapy.gr/assets/css/icons/pl.svg]
[www.evgeniadima-psychotherapy.gr/assets/css/icons/postfinance.svg]
[www.evgeniadima-psychotherapy.gr/assets/css/icons/pm.svg]
[www.evgeniadima-psychotherapy.gr/assets/css/icons/pn.svg]
[www.evgeniadima-psychotherapy.gr/assets/css/icons/pr.svg]
[www.evgeniadima-psychotherapy.gr/assets/css/icons/ps.svg]
[www.evgeniadima-psychotherapy.gr/assets/css/icons/pt.svg]
[www.evgeniadima-psychotherapy.gr/assets/css/icons/pw.svg]
[www.evgeniadima-psychotherapy.gr/assets/css/icons/py.svg]
[www.evgeniadima-psychotherapy.gr/assets/css/icons/qa.svg]
[www.evgeniadima-psychotherapy.gr/assets/css/icons/re.svg]
[www.evgeniadima-psychotherapy.gr/assets/css/icons/ro.svg]
[www.evgeniadima-psychotherapy.gr/assets/css/icons/rs.svg]
[www.evgeniadima-psychotherapy.gr/assets/css/icons/ru.svg]
[www.evgeniadima-psychotherapy.gr/assets/css/icons/rw.svg]
[www.evgeniadima-psychotherapy.gr/assets/css/icons/sa.svg]
[www.evgeniadima-psychotherapy.gr/assets/css/icons/sb.svg]
[www.evgeniadima-psychotherapy.gr/assets/css/icons/sc.svg]
[www.evgeniadima-psychotherapy.gr/assets/css/icons/sd.svg]
[www.evgeniadima-psychotherapy.gr/assets/css/icons/se.svg]
[www.evgeniadima-psychotherapy.gr/assets/css/icons/sg.svg]
[www.evgeniadima-psychotherapy.gr/assets/css/icons/sh.svg]
[www.evgeniadima-psychotherapy.gr/assets/css/icons/si.svg]
[www.evgeniadima-psychotherapy.gr/assets/css/icons/sj.svg]
[www.evgeniadima-psychotherapy.gr/assets/css/icons/sk.svg]
[www.evgeniadima-psychotherapy.gr/assets/css/icons/sl.svg]
[www.evgeniadima-psychotherapy.gr/assets/css/icons/sm.svg]
[www.evgeniadima-psychotherapy.gr/assets/css/icons/sn.svg]
[www.evgeniadima-psychotherapy.gr/assets/css/icons/so.svg]
[www.evgeniadima-psychotherapy.gr/assets/css/icons/sr.svg]
[www.evgeniadima-psychotherapy.gr/assets/css/icons/ss.svg]
[www.evgeniadima-psychotherapy.gr/assets/css/icons/st.svg]
[www.evgeniadima-psychotherapy.gr/assets/css/icons/sv.svg]
[www.evgeniadima-psychotherapy.gr/assets/css/icons/sx.svg]
[www.evgeniadima-psychotherapy.gr/assets/css/icons/sy.svg]
[www.evgeniadima-psychotherapy.gr/assets/css/icons/sz.svg]
[www.evgeniadima-psychotherapy.gr/assets/css/icons/tc.svg]
[www.evgeniadima-psychotherapy.gr/assets/css/icons/td.svg]
[www.evgeniadima-psychotherapy.gr/assets/css/icons/tf.svg]
[www.evgeniadima-psychotherapy.gr/assets/css/icons/tg.svg]
[www.evgeniadima-psychotherapy.gr/assets/css/icons/th.svg]
[www.evgeniadima-psychotherapy.gr/assets/css/icons/tj.svg]
[www.evgeniadima-psychotherapy.gr/assets/css/icons/tk.svg]
[www.evgeniadima-psychotherapy.gr/assets/css/icons/tl.svg]
[www.evgeniadima-psychotherapy.gr/assets/css/icons/tm.svg]
[www.evgeniadima-psychotherapy.gr/assets/css/icons/tn.svg]
[www.evgeniadima-psychotherapy.gr/assets/css/icons/to.svg]
[www.evgeniadima-psychotherapy.gr/assets/css/icons/tr.svg]
[www.evgeniadima-psychotherapy.gr/assets/css/icons/travelerscheque.svg]
[www.evgeniadima-psychotherapy.gr/assets/css/icons/tt.svg]
[www.evgeniadima-psychotherapy.gr/assets/css/icons/tv.svg]
[www.evgeniadima-psychotherapy.gr/assets/css/icons/tw.svg]
[www.evgeniadima-psychotherapy.gr/assets/css/icons/tz.svg]
[www.evgeniadima-psychotherapy.gr/assets/css/icons/ua.svg]
[www.evgeniadima-psychotherapy.gr/assets/css/icons/ug.svg]
[www.evgeniadima-psychotherapy.gr/assets/css/icons/um.svg]
[www.evgeniadima-psychotherapy.gr/assets/css/icons/un.svg]
[www.evgeniadima-psychotherapy.gr/assets/css/icons/us.svg]
[www.evgeniadima-psychotherapy.gr/assets/css/icons/uy.svg]
[www.evgeniadima-psychotherapy.gr/assets/css/icons/uz.svg]
[www.evgeniadima-psychotherapy.gr/assets/css/icons/va.svg]
[www.evgeniadima-psychotherapy.gr/assets/css/icons/vc.svg]
[www.evgeniadima-psychotherapy.gr/assets/css/icons/ve.svg]
[www.evgeniadima-psychotherapy.gr/assets/css/icons/vg.svg]
[www.evgeniadima-psychotherapy.gr/assets/css/icons/vi.svg]
[www.evgeniadima-psychotherapy.gr/assets/css/icons/visa.svg]
[www.evgeniadima-psychotherapy.gr/assets/css/icons/vn.svg]
[www.evgeniadima-psychotherapy.gr/assets/css/icons/vu.svg]
[www.evgeniadima-psychotherapy.gr/assets/css/icons/wf.svg]
[www.evgeniadima-psychotherapy.gr/assets/css/icons/ws.svg]
[www.evgeniadima-psychotherapy.gr/assets/css/icons/ye.svg]
[www.evgeniadima-psychotherapy.gr/assets/css/icons/yt.svg]
[www.evgeniadima-psychotherapy.gr/assets/css/icons/za.svg]
[www.evgeniadima-psychotherapy.gr/assets/css/icons/zm.svg]
[www.evgeniadima-psychotherapy.gr/assets/css/icons/zw.svg]
[www.evgeniadima-psychotherapy.gr/assets/css/icons/bancontact.svg]
[www.evgeniadima-psychotherapy.gr/assets/css/icons/cashicon.svg]
[www.evgeniadima-psychotherapy.gr/assets/css/icons/ecocheques.svg]
[www.evgeniadima-psychotherapy.gr/assets/css/icons/ticketrestaurant.svg]
[www.evgeniadima-psychotherapy.gr/assets/css/icons/visaelectron.svg]
[www.evgeniadima-psychotherapy.gr/assets/css/icons/facturatie.svg]
[www.evgeniadima-psychotherapy.gr/assets/css/icons/edenred.svg]
[www.evgeniadima-psychotherapy.gr/assets/css/icons/eurosymbolblack.svg]
[www.evgeniadima-psychotherapy.gr/assets/css/icons/sodexo.svg]
[www.evgeniadima-psychotherapy.gr/assets/css/icons/mobilepay.svg]
[www.evgeniadima-psychotherapy.gr/assets/css/icons/twint.svg]
[www.evgeniadima-psychotherapy.gr/assets/css/icons/vpay.svg]
[www.evgeniadima-psychotherapy.gr/assets/css/icons/vipps.svg]
[www.evgeniadima-psychotherapy.gr/assets/css/icons/6.html]
